2025.09.18 11:54:07 INFO  Started: Metals version 1.6.2 in folders 'C:\Users\gabri\.aGITProgrammering\agile-hw' for client Visual Studio Code 1.104.1.
2025.09.18 11:54:09 INFO  no build target found for C:\Users\gabri\.aGITProgrammering\agile-hw\lab5\src\main\scala\GenComp.scala. Using presentation compiler with project's scala-library version: 3.3.6
2025.09.18 11:54:15 INFO  no build target found for C:\Users\gabri\.aGITProgrammering\agile-hw\lab5\src\main\scala\GenComp.scala. Using presentation compiler with project's scala-library version: 3.3.6
2025.09.18 11:54:15 INFO  Attempting to connect to the build server...
2025.09.18 11:54:15 INFO  Found a Bloop server running
2025.09.18 11:54:15 INFO  tracing is disabled for protocol BSP, to enable tracing of incoming and outgoing JSON messages create an empty file at C:\Users\gabri\.aGITProgrammering\agile-hw\.metals\bsp.trace.json or C:\Users\gabri\AppData\Local\scalameta\metals\cache\bsp.trace.json
2025.09.18 11:54:16 INFO  time: Connected to build server in 0.7s
2025.09.18 11:54:15 INFO  Connected to Build server: Bloop v2.0.13
2025.09.18 11:54:16 INFO  time: Imported build in 0.41s
2025.09.18 11:54:27 INFO  time: indexed workspace in 10s
2025.09.18 11:54:28 WARN  no build target for: C:\Users\gabri\.aGITProgrammering\agile-hw\lab5\src\main\scala\GenComp.scala
2025.09.18 11:54:28 INFO  no build target found for C:\Users\gabri\.aGITProgrammering\agile-hw\lab5\src\main\scala\GenComp.scala. Using presentation compiler with project's scala-library version: 2.13.16
2025.09.18 11:54:28 INFO  no build target found for C:\Users\gabri\.aGITProgrammering\agile-hw\lab5\src\main\scala\GenComp.scala. Using presentation compiler with project's scala-library version: 2.13.16
2025.09.18 11:54:28 WARN  no build target for: C:\Users\gabri\.aGITProgrammering\agile-hw\lab5\src\main\scala\GenComp.scala
2025.09.18 11:54:31 INFO  time: code lens generation in 2.42s
2025.09.18 11:54:31 INFO  time: code lens generation in 3.23s
2025.09.18 11:54:33 INFO  no build target found for C:\Users\gabri\.aGITProgrammering\agile-hw\lab5\src\main\scala\GenComp.scala. Using presentation compiler with project's scala-library version: 2.13.16
2025.09.18 12:02:35 INFO  Shutting down server
2025.09.18 12:02:35 INFO  shutting down Metals
2025.09.18 12:02:35 INFO  Shut down connection with build server.
2025.09.18 12:02:35 INFO  Exiting server
2025.09.23 13:27:16 INFO  tracing is disabled for protocol LSP, to enable tracing of incoming and outgoing JSON messages create an empty file at c:\Users\gabri\.aGITProgrammering\agile-hw\.metals\lsp.trace.json or C:\Users\gabri\AppData\Local\scalameta\metals\cache\lsp.trace.json
2025.09.23 13:27:25 INFO  logging to files C:\Users\gabri\.aGITProgrammering\agile-hw\.metals\metals.log
2025.09.23 13:27:25 INFO  Started: Metals version 1.6.2 in folders 'C:\Users\gabri\.aGITProgrammering\agile-hw' for client Visual Studio Code 1.104.1.
2025.09.23 13:27:25 INFO  time: initialize in 0.12s
2025.09.23 13:27:35 INFO  Attempting to connect to the build server...
2025.09.23 13:27:35 INFO  No running Bloop server found, starting one.
2025.09.23 13:27:48 INFO  Starting compilation server
2025.09.23 13:28:04 INFO  tracing is disabled for protocol BSP, to enable tracing of incoming and outgoing JSON messages create an empty file at C:\Users\gabri\.aGITProgrammering\agile-hw\.metals\bsp.trace.json or C:\Users\gabri\AppData\Local\scalameta\metals\cache\bsp.trace.json
2025.09.23 13:28:08 INFO  time: Connected to build server in 33s
2025.09.23 13:28:08 INFO  Connected to Build server: Bloop v2.0.13
2025.09.23 13:28:10 INFO  time: Imported build in 0.92s
2025.09.23 13:28:46 INFO  time: indexed workspace in 35s
2025.09.23 13:28:46 WARN  no build target for: C:\Users\gabri\.aGITProgrammering\agile-hw\lab5\src\main\scala\GenComp.scala
2025.09.23 13:28:46 INFO  no build target found for C:\Users\gabri\.aGITProgrammering\agile-hw\lab5\src\main\scala\GenComp.scala. Using presentation compiler with project's scala-library version: 2.13.16
2025.09.23 13:28:46 WARN  no build target for: C:\Users\gabri\.aGITProgrammering\agile-hw\lab5\src\main\scala\GenComp.scala
2025.09.23 13:29:50 INFO  no build target found for C:\Users\gabri\.aGITProgrammering\agile-hw\lab5\src\main\scala\GenComp.scala. Using presentation compiler with project's scala-library version: 2.13.16
2025.09.23 13:29:50 WARN  no build target for: C:\Users\gabri\.aGITProgrammering\agile-hw\lab5\src\main\scala\GenComp.scala
2025.09.23 13:29:50 INFO  no build target found for C:\Users\gabri\.aGITProgrammering\agile-hw\lab5\src\main\scala\GenComp.scala. Using presentation compiler with project's scala-library version: 2.13.16
2025.09.23 13:29:50 INFO  no build target found for C:\Users\gabri\.aGITProgrammering\agile-hw\lab5\src\main\scala\GenComp.scala. Using presentation compiler with project's scala-library version: 2.13.16
2025.09.23 13:29:58 INFO  no build target found for C:\Users\gabri\.aGITProgrammering\agile-hw\lab5\src\test\scala\GenComptest.scala. Using presentation compiler with project's scala-library version: 2.13.16
2025.09.23 13:29:58 WARN  no build target for: C:\Users\gabri\.aGITProgrammering\agile-hw\lab5\src\test\scala\GenComptest.scala
2025.09.23 13:29:58 INFO  no build target found for C:\Users\gabri\.aGITProgrammering\agile-hw\lab5\src\test\scala\GenComptest.scala. Using presentation compiler with project's scala-library version: 2.13.16
2025.09.23 13:29:58 INFO  no build target found for C:\Users\gabri\.aGITProgrammering\agile-hw\lab5\src\test\scala\GenComptest.scala. Using presentation compiler with project's scala-library version: 2.13.16
2025.09.23 13:29:58 INFO  no build target found for C:\Users\gabri\.aGITProgrammering\agile-hw\lab5\src\test\scala\GenComptest.scala. Using presentation compiler with project's scala-library version: 2.13.16
2025.09.23 13:29:58 INFO  no build target found for C:\Users\gabri\.aGITProgrammering\agile-hw\lab5\src\test\scala\GenComptest.scala. Using presentation compiler with project's scala-library version: 2.13.16
2025.09.23 13:30:00 INFO  no build target found for C:\Users\gabri\.aGITProgrammering\agile-hw\lab5\src\test\scala\GenComptest.scala. Using presentation compiler with project's scala-library version: 2.13.16
2025.09.23 13:30:01 INFO  no build target found for C:\Users\gabri\.aGITProgrammering\agile-hw\lab5\src\main\scala\GenComp.scala. Using presentation compiler with project's scala-library version: 2.13.16
2025.09.23 13:30:01 WARN  no build target for: C:\Users\gabri\.aGITProgrammering\agile-hw\lab5\src\main\scala\GenComp.scala
2025.09.23 13:30:01 INFO  no build target found for C:\Users\gabri\.aGITProgrammering\agile-hw\lab5\src\main\scala\GenComp.scala. Using presentation compiler with project's scala-library version: 2.13.16
2025.09.23 13:30:01 INFO  no build target found for C:\Users\gabri\.aGITProgrammering\agile-hw\lab5\src\main\scala\GenComp.scala. Using presentation compiler with project's scala-library version: 2.13.16
2025.09.23 13:30:01 INFO  no build target found for C:\Users\gabri\.aGITProgrammering\agile-hw\lab5\src\main\scala\GenComp.scala. Using presentation compiler with project's scala-library version: 2.13.16
2025.09.23 13:30:01 INFO  no build target found for C:\Users\gabri\.aGITProgrammering\agile-hw\lab5\src\main\scala\GenComp.scala. Using presentation compiler with project's scala-library version: 2.13.16
2025.09.23 13:30:01 INFO  no build target found for C:\Users\gabri\.aGITProgrammering\agile-hw\lab5\src\main\scala\GenComp.scala. Using presentation compiler with project's scala-library version: 2.13.16
2025.09.23 13:30:05 INFO  no build target found for C:\Users\gabri\.aGITProgrammering\agile-hw\lab5\src\test\scala\GenComptest.scala. Using presentation compiler with project's scala-library version: 2.13.16
2025.09.23 13:30:05 WARN  no build target for: C:\Users\gabri\.aGITProgrammering\agile-hw\lab5\src\test\scala\GenComptest.scala
2025.09.23 13:30:05 INFO  no build target found for C:\Users\gabri\.aGITProgrammering\agile-hw\lab5\src\test\scala\GenComptest.scala. Using presentation compiler with project's scala-library version: 2.13.16
2025.09.23 13:30:06 INFO  no build target found for C:\Users\gabri\.aGITProgrammering\agile-hw\lab4\src\main\scala\MaxFinder.scala. Using presentation compiler with project's scala-library version: 2.13.16
2025.09.23 13:30:05 WARN  no build target for: C:\Users\gabri\.aGITProgrammering\agile-hw\lab4\src\main\scala\MaxFinder.scala
2025.09.23 13:30:05 INFO  no build target found for C:\Users\gabri\.aGITProgrammering\agile-hw\lab4\src\main\scala\MaxFinder.scala. Using presentation compiler with project's scala-library version: 2.13.16
2025.09.23 13:30:06 INFO  no build target found for C:\Users\gabri\.aGITProgrammering\agile-hw\lab4\src\main\scala\MaxFinder.scala. Using presentation compiler with project's scala-library version: 2.13.16
2025.09.23 13:30:05 INFO  no build target found for C:\Users\gabri\.aGITProgrammering\agile-hw\lab4\src\main\scala\MaxFinder.scala. Using presentation compiler with project's scala-library version: 2.13.16
2025.09.23 13:30:07 INFO  no build target found for C:\Users\gabri\.aGITProgrammering\agile-hw\lab4\src\test\scala\MaxFinderTest.scala. Using presentation compiler with project's scala-library version: 2.13.16
2025.09.23 13:30:07 WARN  no build target for: C:\Users\gabri\.aGITProgrammering\agile-hw\lab4\src\test\scala\MaxFinderTest.scala
2025.09.23 13:30:07 INFO  no build target found for C:\Users\gabri\.aGITProgrammering\agile-hw\lab4\src\test\scala\MaxFinderTest.scala. Using presentation compiler with project's scala-library version: 2.13.16
2025.09.23 13:30:07 INFO  no build target found for C:\Users\gabri\.aGITProgrammering\agile-hw\lab4\src\test\scala\MaxFinderTest.scala. Using presentation compiler with project's scala-library version: 2.13.16
2025.09.23 13:30:07 INFO  no build target found for C:\Users\gabri\.aGITProgrammering\agile-hw\lab4\src\test\scala\MaxFinderTest.scala. Using presentation compiler with project's scala-library version: 2.13.16
2025.09.23 13:30:07 INFO  no build target found for C:\Users\gabri\.aGITProgrammering\agile-hw\lab5\src\main\scala\GenComp.scala. Using presentation compiler with project's scala-library version: 2.13.16
2025.09.23 13:30:07 WARN  no build target for: C:\Users\gabri\.aGITProgrammering\agile-hw\lab5\src\main\scala\GenComp.scala
2025.09.23 13:30:08 INFO  no build target found for C:\Users\gabri\.aGITProgrammering\agile-hw\lab5\src\main\scala\GenComp.scala. Using presentation compiler with project's scala-library version: 2.13.16
2025.09.23 13:30:08 INFO  time: code lens generation in 1.21s
2025.09.23 13:30:48 INFO  no build target found for C:\Users\gabri\.aGITProgrammering\agile-hw\lab5\src\main\scala\GenComp.scala. Using presentation compiler with project's scala-library version: 2.13.16
2025.09.23 13:30:48 INFO  no build target found for C:\Users\gabri\.aGITProgrammering\agile-hw\lab5\src\main\scala\GenComp.scala. Using presentation compiler with project's scala-library version: 2.13.16
2025.09.23 13:30:48 INFO  no build target found for C:\Users\gabri\.aGITProgrammering\agile-hw\lab5\src\main\scala\GenComp.scala. Using presentation compiler with project's scala-library version: 2.13.16
2025.09.23 13:30:54 INFO  no build target found for C:\Users\gabri\.aGITProgrammering\agile-hw\lab5\src\main\scala\GenComp.scala. Using presentation compiler with project's scala-library version: 2.13.16
2025.09.23 13:31:49 INFO  no build target found for C:\Users\gabri\.aGITProgrammering\agile-hw\lab4\src\main\scala\MaxFinder.scala. Using presentation compiler with project's scala-library version: 2.13.16
2025.09.23 13:31:49 WARN  no build target for: C:\Users\gabri\.aGITProgrammering\agile-hw\lab4\src\main\scala\MaxFinder.scala
2025.09.23 13:31:49 INFO  no build target found for C:\Users\gabri\.aGITProgrammering\agile-hw\lab4\src\main\scala\MaxFinder.scala. Using presentation compiler with project's scala-library version: 2.13.16
2025.09.23 13:31:49 INFO  no build target found for C:\Users\gabri\.aGITProgrammering\agile-hw\lab4\src\main\scala\MaxFinder.scala. Using presentation compiler with project's scala-library version: 2.13.16
2025.09.23 13:31:51 INFO  no build target found for C:\Users\gabri\.aGITProgrammering\agile-hw\lab4\src\main\scala\MaxFinder.scala. Using presentation compiler with project's scala-library version: 2.13.16
2025.09.23 13:31:51 INFO  no build target found for C:\Users\gabri\.aGITProgrammering\agile-hw\lab4\src\main\scala\MaxFinder.scala. Using presentation compiler with project's scala-library version: 2.13.16
2025.09.23 13:31:51 INFO  no build target found for C:\Users\gabri\.aGITProgrammering\agile-hw\lab4\src\main\scala\MaxFinder.scala. Using presentation compiler with project's scala-library version: 2.13.16
2025.09.23 13:31:51 INFO  no build target found for C:\Users\gabri\.aGITProgrammering\agile-hw\lab4\src\main\scala\MaxFinder.scala. Using presentation compiler with project's scala-library version: 2.13.16
2025.09.23 13:31:51 INFO  no build target found for C:\Users\gabri\.aGITProgrammering\agile-hw\lab4\src\main\scala\MaxFinder.scala. Using presentation compiler with project's scala-library version: 2.13.16
2025.09.23 13:31:55 INFO  no build target found for C:\Users\gabri\.aGITProgrammering\agile-hw\lab4\src\main\scala\MaxFinder.scala. Using presentation compiler with project's scala-library version: 2.13.16
2025.09.23 13:31:55 INFO  no build target found for C:\Users\gabri\.aGITProgrammering\agile-hw\lab4\src\main\scala\MaxFinder.scala. Using presentation compiler with project's scala-library version: 2.13.16
2025.09.23 13:31:55 INFO  no build target found for C:\Users\gabri\.aGITProgrammering\agile-hw\lab4\src\main\scala\MaxFinder.scala. Using presentation compiler with project's scala-library version: 2.13.16
2025.09.23 13:32:23 INFO  no build target found for C:\Users\gabri\.aGITProgrammering\agile-hw\lab4\src\main\scala\MaxFinder.scala. Using presentation compiler with project's scala-library version: 2.13.16
2025.09.23 13:32:23 INFO  no build target found for C:\Users\gabri\.aGITProgrammering\agile-hw\lab4\src\main\scala\MaxFinder.scala. Using presentation compiler with project's scala-library version: 2.13.16
2025.09.23 13:32:23 INFO  no build target found for C:\Users\gabri\.aGITProgrammering\agile-hw\lab4\src\main\scala\MaxFinder.scala. Using presentation compiler with project's scala-library version: 2.13.16
2025.09.23 13:32:24 INFO  no build target found for C:\Users\gabri\.aGITProgrammering\agile-hw\lab5\src\main\scala\GenComp.scala. Using presentation compiler with project's scala-library version: 2.13.16
2025.09.23 13:32:25 WARN  no build target for: C:\Users\gabri\.aGITProgrammering\agile-hw\lab5\src\main\scala\GenComp.scala
2025.09.23 13:32:25 INFO  no build target found for C:\Users\gabri\.aGITProgrammering\agile-hw\lab5\src\main\scala\GenComp.scala. Using presentation compiler with project's scala-library version: 2.13.16
2025.09.23 13:32:24 INFO  no build target found for C:\Users\gabri\.aGITProgrammering\agile-hw\lab5\src\main\scala\GenComp.scala. Using presentation compiler with project's scala-library version: 2.13.16
2025.09.23 13:32:24 INFO  no build target found for C:\Users\gabri\.aGITProgrammering\agile-hw\lab5\src\main\scala\GenComp.scala. Using presentation compiler with project's scala-library version: 2.13.16
2025.09.23 13:32:24 INFO  no build target found for C:\Users\gabri\.aGITProgrammering\agile-hw\lab5\src\main\scala\GenComp.scala. Using presentation compiler with project's scala-library version: 2.13.16
2025.09.23 13:32:24 INFO  no build target found for C:\Users\gabri\.aGITProgrammering\agile-hw\lab5\src\main\scala\GenComp.scala. Using presentation compiler with project's scala-library version: 2.13.16
2025.09.23 13:32:24 INFO  no build target found for C:\Users\gabri\.aGITProgrammering\agile-hw\lab5\src\main\scala\GenComp.scala. Using presentation compiler with project's scala-library version: 2.13.16
2025.09.23 13:38:04 INFO  no build target found for C:\Users\gabri\.aGITProgrammering\agile-hw\lab5\src\main\scala\GenComp.scala. Using presentation compiler with project's scala-library version: 2.13.16
2025.09.23 13:38:31 INFO  no build target found for C:\Users\gabri\.aGITProgrammering\agile-hw\lab5\src\main\scala\GenComp.scala. Using presentation compiler with project's scala-library version: 2.13.16
2025.09.23 13:38:31 INFO  no build target found for C:\Users\gabri\.aGITProgrammering\agile-hw\lab5\src\main\scala\GenComp.scala. Using presentation compiler with project's scala-library version: 2.13.16
2025.09.23 13:38:31 WARN  no build target for: C:\Users\gabri\.aGITProgrammering\agile-hw\lab5\src\main\scala\GenComp.scala
2025.09.23 13:38:31 INFO  no build target found for C:\Users\gabri\.aGITProgrammering\agile-hw\lab5\src\main\scala\GenComp.scala. Using presentation compiler with project's scala-library version: 2.13.16
2025.09.23 13:38:31 INFO  no build target found for C:\Users\gabri\.aGITProgrammering\agile-hw\lab5\src\main\scala\GenComp.scala. Using presentation compiler with project's scala-library version: 2.13.16
2025.09.23 13:38:31 INFO  no build target found for C:\Users\gabri\.aGITProgrammering\agile-hw\lab5\src\main\scala\GenComp.scala. Using presentation compiler with project's scala-library version: 2.13.16
2025.09.23 13:38:31 INFO  no build target found for C:\Users\gabri\.aGITProgrammering\agile-hw\lab5\src\main\scala\GenComp.scala. Using presentation compiler with project's scala-library version: 2.13.16
2025.09.23 13:38:31 INFO  no build target found for C:\Users\gabri\.aGITProgrammering\agile-hw\lab5\src\main\scala\GenComp.scala. Using presentation compiler with project's scala-library version: 2.13.16
2025.09.23 13:38:32 INFO  no build target found for C:\Users\gabri\.aGITProgrammering\agile-hw\lab5\src\main\scala\GenComp.scala. Using presentation compiler with project's scala-library version: 2.13.16
